Archive member included to satisfy reference by file (symbol)

c:/st/stm32cubeide_1.1.0/stm32cubeide/plugins/com.st.stm32cube.ide.mcu.externaltools.gnu-tools-for-stm32.7-2018-q2-update.win32_1.0.0.201904181610/tools/bin/../lib/gcc/arm-none-eabi/7.3.1/../../../../arm-none-eabi/lib/thumb/v7-m\libc_nano.a(lib_a-errno.o)
                              Core/Src/syscalls.o (__errno)
c:/st/stm32cubeide_1.1.0/stm32cubeide/plugins/com.st.stm32cube.ide.mcu.externaltools.gnu-tools-for-stm32.7-2018-q2-update.win32_1.0.0.201904181610/tools/bin/../lib/gcc/arm-none-eabi/7.3.1/../../../../arm-none-eabi/lib/thumb/v7-m\libc_nano.a(lib_a-exit.o)
                              c:/st/stm32cubeide_1.1.0/stm32cubeide/plugins/com.st.stm32cube.ide.mcu.externaltools.gnu-tools-for-stm32.7-2018-q2-update.win32_1.0.0.201904181610/tools/bin/../lib/gcc/arm-none-eabi/7.3.1/../../../../arm-none-eabi/lib/thumb/v7-m/crt0.o (exit)
c:/st/stm32cubeide_1.1.0/stm32cubeide/plugins/com.st.stm32cube.ide.mcu.externaltools.gnu-tools-for-stm32.7-2018-q2-update.win32_1.0.0.201904181610/tools/bin/../lib/gcc/arm-none-eabi/7.3.1/../../../../arm-none-eabi/lib/thumb/v7-m\libc_nano.a(lib_a-impure.o)
                              c:/st/stm32cubeide_1.1.0/stm32cubeide/plugins/com.st.stm32cube.ide.mcu.externaltools.gnu-tools-for-stm32.7-2018-q2-update.win32_1.0.0.201904181610/tools/bin/../lib/gcc/arm-none-eabi/7.3.1/../../../../arm-none-eabi/lib/thumb/v7-m\libc_nano.a(lib_a-exit.o) (_global_impure_ptr)
c:/st/stm32cubeide_1.1.0/stm32cubeide/plugins/com.st.stm32cube.ide.mcu.externaltools.gnu-tools-for-stm32.7-2018-q2-update.win32_1.0.0.201904181610/tools/bin/../lib/gcc/arm-none-eabi/7.3.1/../../../../arm-none-eabi/lib/thumb/v7-m\libc_nano.a(lib_a-init.o)
                              c:/st/stm32cubeide_1.1.0/stm32cubeide/plugins/com.st.stm32cube.ide.mcu.externaltools.gnu-tools-for-stm32.7-2018-q2-update.win32_1.0.0.201904181610/tools/bin/../lib/gcc/arm-none-eabi/7.3.1/../../../../arm-none-eabi/lib/thumb/v7-m/crt0.o (__libc_init_array)
c:/st/stm32cubeide_1.1.0/stm32cubeide/plugins/com.st.stm32cube.ide.mcu.externaltools.gnu-tools-for-stm32.7-2018-q2-update.win32_1.0.0.201904181610/tools/bin/../lib/gcc/arm-none-eabi/7.3.1/../../../../arm-none-eabi/lib/thumb/v7-m\libc_nano.a(lib_a-memset.o)
                              c:/st/stm32cubeide_1.1.0/stm32cubeide/plugins/com.st.stm32cube.ide.mcu.externaltools.gnu-tools-for-stm32.7-2018-q2-update.win32_1.0.0.201904181610/tools/bin/../lib/gcc/arm-none-eabi/7.3.1/../../../../arm-none-eabi/lib/thumb/v7-m/crt0.o (memset)
c:/st/stm32cubeide_1.1.0/stm32cubeide/plugins/com.st.stm32cube.ide.mcu.externaltools.gnu-tools-for-stm32.7-2018-q2-update.win32_1.0.0.201904181610/tools/bin/../lib/gcc/arm-none-eabi/7.3.1/thumb/v7-m\libgcc.a(_arm_addsubsf3.o)
                              Core/Src/mpu6050.o (__aeabi_i2f)

Allocating common symbols
Common symbol       size              file

hi2c1               0x54              Core/Src/main.o
uwTick              0x4               Drivers/STM32F1xx_HAL_Driver/Src/stm32f1xx_hal.o
pFlash              0x20              Drivers/STM32F1xx_HAL_Driver/Src/stm32f1xx_hal_flash.o

Discarded input sections

 .text          0x0000000000000000        0x0 c:/st/stm32cubeide_1.1.0/stm32cubeide/plugins/com.st.stm32cube.ide.mcu.externaltools.gnu-tools-for-stm32.7-2018-q2-update.win32_1.0.0.201904181610/tools/bin/../lib/gcc/arm-none-eabi/7.3.1/thumb/v7-m/crti.o
 .data          0x0000000000000000        0x0 c:/st/stm32cubeide_1.1.0/stm32cubeide/plugins/com.st.stm32cube.ide.mcu.externaltools.gnu-tools-for-stm32.7-2018-q2-update.win32_1.0.0.201904181610/tools/bin/../lib/gcc/arm-none-eabi/7.3.1/thumb/v7-m/crti.o
 .bss           0x0000000000000000        0x0 c:/st/stm32cubeide_1.1.0/stm32cubeide/plugins/com.st.stm32cube.ide.mcu.externaltools.gnu-tools-for-stm32.7-2018-q2-update.win32_1.0.0.201904181610/tools/bin/../lib/gcc/arm-none-eabi/7.3.1/thumb/v7-m/crti.o
 .data          0x0000000000000000        0x4 c:/st/stm32cubeide_1.1.0/stm32cubeide/plugins/com.st.stm32cube.ide.mcu.externaltools.gnu-tools-for-stm32.7-2018-q2-update.win32_1.0.0.201904181610/tools/bin/../lib/gcc/arm-none-eabi/7.3.1/thumb/v7-m/crtbegin.o
 .text          0x0000000000000000       0x74 c:/st/stm32cubeide_1.1.0/stm32cubeide/plugins/com.st.stm32cube.ide.mcu.externaltools.gnu-tools-for-stm32.7-2018-q2-update.win32_1.0.0.201904181610/tools/bin/../lib/gcc/arm-none-eabi/7.3.1/../../../../arm-none-eabi/lib/thumb/v7-m/crt0.o
 .data          0x0000000000000000        0x0 c:/st/stm32cubeide_1.1.0/stm32cubeide/plugins/com.st.stm32cube.ide.mcu.externaltools.gnu-tools-for-stm32.7-2018-q2-update.win32_1.0.0.201904181610/tools/bin/../lib/gcc/arm-none-eabi/7.3.1/../../../../arm-none-eabi/lib/thumb/v7-m/crt0.o
[...]
Memory Configuration

Name             Origin             Length             Attributes
RAM              0x0000000020000000 0x0000000000005000 xrw
FLASH            0x0000000008000000 0x0000000000010000 xr
*default*        0x0000000000000000 0xffffffffffffffff

Linker script and memory map

LOAD c:/st/stm32cubeide_1.1.0/stm32cubeide/plugins/com.st.stm32cube.ide.mcu.externaltools.gnu-tools-for-stm32.7-2018-q2-update.win32_1.0.0.201904181610/tools/bin/../lib/gcc/arm-none-eabi/7.3.1/thumb/v7-m/crti.o
LOAD c:/st/stm32cubeide_1.1.0/stm32cubeide/plugins/com.st.stm32cube.ide.mcu.externaltools.gnu-tools-for-stm32.7-2018-q2-update.win32_1.0.0.201904181610/tools/bin/../lib/gcc/arm-none-eabi/7.3.1/thumb/v7-m/crtbegin.o
LOAD c:/st/stm32cubeide_1.1.0/stm32cubeide/plugins/com.st.stm32cube.ide.mcu.externaltools.gnu-tools-for-stm32.7-2018-q2-update.win32_1.0.0.201904181610/tools/bin/../lib/gcc/arm-none-eabi/7.3.1/../../../../arm-none-eabi/lib/thumb/v7-m/crt0.o
LOAD Core/Src/main.o
LOAD Core/Src/mpu6050.o
LOAD Core/Src/stm32f1xx_hal_msp.o
LOAD Core/Src/stm32f1xx_it.o
LOAD Core/Src/syscalls.o
LOAD Core/Src/sysmem.o
LOAD Core/Src/system_stm32f1xx.o
LOAD Core/Startup/startup_stm32f103c8tx.o
LOAD Drivers/STM32F1xx_HAL_Driver/Src/stm32f1xx_hal.o
LOAD Drivers/STM32F1xx_HAL_Driver/Src/stm32f1xx_hal_cortex.o
LOAD Drivers/STM32F1xx_HAL_Driver/Src/stm32f1xx_hal_dma.o
LOAD Drivers/STM32F1xx_HAL_Driver/Src/stm32f1xx_hal_exti.o
LOAD Drivers/STM32F1xx_HAL_Driver/Src/stm32f1xx_hal_flash.o
LOAD Drivers/STM32F1xx_HAL_Driver/Src/stm32f1xx_hal_flash_ex.o
LOAD Drivers/STM32F1xx_HAL_Driver/Src/stm32f1xx_hal_gpio.o
LOAD Drivers/STM32F1xx_HAL_Driver/Src/stm32f1xx_hal_gpio_ex.o
LOAD Drivers/STM32F1xx_HAL_Driver/Src/stm32f1xx_hal_i2c.o
LOAD Drivers/STM32F1xx_HAL_Driver/Src/stm32f1xx_hal_pwr.o
LOAD Drivers/STM32F1xx_HAL_Driver/Src/stm32f1xx_hal_rcc.o
LOAD Drivers/STM32F1xx_HAL_Driver/Src/stm32f1xx_hal_rcc_ex.o
LOAD Drivers/STM32F1xx_HAL_Driver/Src/stm32f1xx_hal_tim.o
LOAD Drivers/STM32F1xx_HAL_Driver/Src/stm32f1xx_hal_tim_ex.o
START GROUP
LOAD c:/st/stm32cubeide_1.1.0/stm32cubeide/plugins/com.st.stm32cube.ide.mcu.externaltools.gnu-tools-for-stm32.7-2018-q2-update.win32_1.0.0.201904181610/tools/bin/../lib/gcc/arm-none-eabi/7.3.1/../../../../arm-none-eabi/lib/thumb/v7-m\libc_nano.a
LOAD c:/st/stm32cubeide_1.1.0/stm32cubeide/plugins/com.st.stm32cube.ide.mcu.externaltools.gnu-tools-for-stm32.7-2018-q2-update.win32_1.0.0.201904181610/tools/bin/../lib/gcc/arm-none-eabi/7.3.1/../../../../arm-none-eabi/lib/thumb/v7-m\libm.a
END GROUP
START GROUP
LOAD c:/st/stm32cubeide_1.1.0/stm32cubeide/plugins/com.st.stm32cube.ide.mcu.externaltools.gnu-tools-for-stm32.7-2018-q2-update.win32_1.0.0.201904181610/tools/bin/../lib/gcc/arm-none-eabi/7.3.1/thumb/v7-m\libgcc.a
LOAD c:/st/stm32cubeide_1.1.0/stm32cubeide/plugins/com.st.stm32cube.ide.mcu.externaltools.gnu-tools-for-stm32.7-2018-q2-update.win32_1.0.0.201904181610/tools/bin/../lib/gcc/arm-none-eabi/7.3.1/../../../../arm-none-eabi/lib/thumb/v7-m\libc_nano.a
END GROUP
START GROUP
LOAD c:/st/stm32cubeide_1.1.0/stm32cubeide/plugins/com.st.stm32cube.ide.mcu.externaltools.gnu-tools-for-stm32.7-2018-q2-update.win32_1.0.0.201904181610/tools/bin/../lib/gcc/arm-none-eabi/7.3.1/thumb/v7-m\libgcc.a
LOAD c:/st/stm32cubeide_1.1.0/stm32cubeide/plugins/com.st.stm32cube.ide.mcu.externaltools.gnu-tools-for-stm32.7-2018-q2-update.win32_1.0.0.201904181610/tools/bin/../lib/gcc/arm-none-eabi/7.3.1/../../../../arm-none-eabi/lib/thumb/v7-m\libc_nano.a
LOAD c:/st/stm32cubeide_1.1.0/stm32cubeide/plugins/com.st.stm32cube.ide.mcu.externaltools.gnu-tools-for-stm32.7-2018-q2-update.win32_1.0.0.201904181610/tools/bin/../lib/gcc/arm-none-eabi/7.3.1/../../../../arm-none-eabi/lib/thumb/v7-m\libnosys.a
END GROUP
START GROUP
LOAD c:/st/stm32cubeide_1.1.0/stm32cubeide/plugins/com.st.stm32cube.ide.mcu.externaltools.gnu-tools-for-stm32.7-2018-q2-update.win32_1.0.0.201904181610/tools/bin/../lib/gcc/arm-none-eabi/7.3.1/thumb/v7-m\libgcc.a
LOAD c:/st/stm32cubeide_1.1.0/stm32cubeide/plugins/com.st.stm32cube.ide.mcu.externaltools.gnu-tools-for-stm32.7-2018-q2-update.win32_1.0.0.201904181610/tools/bin/../lib/gcc/arm-none-eabi/7.3.1/../../../../arm-none-eabi/lib/thumb/v7-m\libc_nano.a
LOAD c:/st/stm32cubeide_1.1.0/stm32cubeide/plugins/com.st.stm32cube.ide.mcu.externaltools.gnu-tools-for-stm32.7-2018-q2-update.win32_1.0.0.201904181610/tools/bin/../lib/gcc/arm-none-eabi/7.3.1/../../../../arm-none-eabi/lib/thumb/v7-m\libnosys.a
END GROUP
LOAD c:/st/stm32cubeide_1.1.0/stm32cubeide/plugins/com.st.stm32cube.ide.mcu.externaltools.gnu-tools-for-stm32.7-2018-q2-update.win32_1.0.0.201904181610/tools/bin/../lib/gcc/arm-none-eabi/7.3.1/thumb/v7-m/crtend.o
LOAD c:/st/stm32cubeide_1.1.0/stm32cubeide/plugins/com.st.stm32cube.ide.mcu.externaltools.gnu-tools-for-stm32.7-2018-q2-update.win32_1.0.0.201904181610/tools/bin/../lib/gcc/arm-none-eabi/7.3.1/thumb/v7-m/crtn.o
                0x0000000020005000                _estack = (ORIGIN (RAM) + LENGTH (RAM))
                0x0000000000000200                _Min_Heap_Size = 0x200
                0x0000000000000400                _Min_Stack_Size = 0x400

.isr_vector     0x0000000008000000      0x10c
                0x0000000008000000                . = ALIGN (0x4)
 *(.isr_vector)
 .isr_vector    0x0000000008000000      0x10c Core/Startup/startup_stm32f103c8tx.o
                0x0000000008000000                g_pfnVectors
                0x000000000800010c                . = ALIGN (0x4)

.text           0x000000000800010c     0x2408
                0x000000000800010c                . = ALIGN (0x4)
 *(.text)
 .text          0x000000000800010c       0x40 c:/st/stm32cubeide_1.1.0/stm32cubeide/plugins/com.st.stm32cube.ide.mcu.externaltools.gnu-tools-for-stm32.7-2018-q2-update.win32_1.0.0.201904181610/tools/bin/../lib/gcc/arm-none-eabi/7.3.1/thumb/v7-m/crtbegin.o
 .text          0x000000000800014c      0x21c c:/st/stm32cubeide_1.1.0/stm32cubeide/plugins/com.st.stm32cube.ide.mcu.externaltools.gnu-tools-for-stm32.7-2018-q2-update.win32_1.0.0.201904181610/tools/bin/../lib/gcc/arm-none-eabi/7.3.1/thumb/v7-m\libgcc.a(_arm_addsubsf3.o)
                0x000000000800014c                __aeabi_frsub
                0x0000000008000154                __subsf3
                0x0000000008000154                __aeabi_fsub
                0x0000000008000158                __aeabi_fadd
                0x0000000008000158                __addsf3
                0x00000000080002b8                __aeabi_ui2f
                0x00000000080002b8                __floatunsisf
                0x00000000080002c0                __aeabi_i2f
                0x00000000080002c0                __floatsisf
                0x00000000080002dc                __aeabi_ul2f
                0x00000000080002dc                __floatundisf
                0x00000000080002ec                __aeabi_l2f
                0x00000000080002ec                __floatdisf
 *(.text*)
 .text.main     0x0000000008000368       0x1a Core/Src/main.o
                0x0000000008000368                main
 .text.SystemClock_Config
                0x0000000008000382       0x76 Core/Src/main.o
                0x0000000008000382                SystemClock_Config
 .text.MX_I2C1_Init
                0x00000000080003f8       0x5c Core/Src/main.o
 .text.MX_GPIO_Init
                0x0000000008000454       0x44 Core/Src/main.o
 .text.Error_Handler
                0x0000000008000498        0xc Core/Src/main.o
                0x0000000008000498                Error_Handler
 .text.mpu6050  0x00000000080004a4      0x1ac Core/Src/mpu6050.o
                0x00000000080004a4                mpu6050
 .text.HAL_MspInit
                0x0000000008000650       0x64 Core/Src/stm32f1xx_hal_msp.o
                0x0000000008000650                HAL_MspInit
 .text.HAL_I2C_MspInit
                0x00000000080006b4       0x7c Core/Src/stm32f1xx_hal_msp.o
                0x00000000080006b4                HAL_I2C_MspInit
 .text.NMI_Handler
                0x0000000008000730        0xc Core/Src/stm32f1xx_it.o
                0x0000000008000730                NMI_Handler
 .text.HardFault_Handler
                0x000000000800073c        0x6 Core/Src/stm32f1xx_it.o
                0x000000000800073c                HardFault_Handler
 .text.MemManage_Handler
                0x0000000008000742        0x6 Core/Src/stm32f1xx_it.o
                0x0000000008000742                MemManage_Handler
 .text.BusFault_Handler
                0x0000000008000748        0x6 Core/Src/stm32f1xx_it.o
                0x0000000008000748                BusFault_Handler
 .text.UsageFault_Handler
                0x000000000800074e        0x6 Core/Src/stm32f1xx_it.o
                0x000000000800074e                UsageFault_Handler
 .text.SVC_Handler
                0x0000000008000754        0xc Core/Src/stm32f1xx_it.o
                0x0000000008000754                SVC_Handler
 .text.DebugMon_Handler
                0x0000000008000760        0xc Core/Src/stm32f1xx_it.o
                0x0000000008000760                DebugMon_Handler
 .text.PendSV_Handler
                0x000000000800076c        0xc Core/Src/stm32f1xx_it.o
                0x000000000800076c                PendSV_Handler
 .text.SysTick_Handler
                0x0000000008000778        0xc Core/Src/stm32f1xx_it.o
                0x0000000008000778                SysTick_Handler
 .text.SystemInit
                0x0000000008000784        0xc Core/Src/system_stm32f1xx.o
                0x0000000008000784                SystemInit
 .text.Reset_Handler
                0x0000000008000790       0x48 Core/Startup/startup_stm32f103c8tx.o
                0x0000000008000790                Reset_Handler
 .text.Default_Handler
                0x00000000080007d8        0x2 Core/Startup/startup_stm32f103c8tx.o
                0x00000000080007d8                RTC_Alarm_IRQHandler
                0x00000000080007d8                EXTI2_IRQHandler
                0x00000000080007d8                TIM1_CC_IRQHandler
                0x00000000080007d8                PVD_IRQHandler
                0x00000000080007d8                EXTI3_IRQHandler
                0x00000000080007d8                EXTI0_IRQHandler
                0x00000000080007d8                I2C2_EV_IRQHandler
                0x00000000080007d8                ADC1_2_IRQHandler
                0x00000000080007d8                SPI1_IRQHandler
                0x00000000080007d8                TAMPER_IRQHandler
                0x00000000080007d8                DMA1_Channel4_IRQHandler
                0x00000000080007d8                USART3_IRQHandler
                0x00000000080007d8                RTC_IRQHandler
                0x00000000080007d8                DMA1_Channel7_IRQHandler
                0x00000000080007d8                CAN1_RX1_IRQHandler
                0x00000000080007d8                TIM4_IRQHandler
                0x00000000080007d8                I2C1_EV_IRQHandler
                0x00000000080007d8                DMA1_Channel6_IRQHandler
                0x00000000080007d8                TIM3_IRQHandler
                0x00000000080007d8                RCC_IRQHandler
                0x00000000080007d8                TIM1_TRG_COM_IRQHandler
                0x00000000080007d8                DMA1_Channel1_IRQHandler
                0x00000000080007d8                Default_Handler
                0x00000000080007d8                EXTI15_10_IRQHandler
                0x00000000080007d8                EXTI9_5_IRQHandler
                0x00000000080007d8                SPI2_IRQHandler
                0x00000000080007d8                DMA1_Channel5_IRQHandler
                0x00000000080007d8                EXTI4_IRQHandler
                0x00000000080007d8                USB_LP_CAN1_RX0_IRQHandler
                0x00000000080007d8                USB_HP_CAN1_TX_IRQHandler
                0x00000000080007d8                DMA1_Channel3_IRQHandler
                0x00000000080007d8                TIM1_UP_IRQHandler
                0x00000000080007d8                WWDG_IRQHandler
                0x00000000080007d8                TIM2_IRQHandler
                0x00000000080007d8                TIM1_BRK_IRQHandler
                0x00000000080007d8                EXTI1_IRQHandler
                0x00000000080007d8                USART2_IRQHandler
                0x00000000080007d8                I2C2_ER_IRQHandler
                0x00000000080007d8                DMA1_Channel2_IRQHandler
                0x00000000080007d8                CAN1_SCE_IRQHandler
                0x00000000080007d8                FLASH_IRQHandler
                0x00000000080007d8                USART1_IRQHandler
                0x00000000080007d8                I2C1_ER_IRQHandler
                0x00000000080007d8                USBWakeUp_IRQHandler
 *fill*         0x00000000080007da        0x2 
 .text.HAL_Init
                0x00000000080007dc       0x2c Drivers/STM32F1xx_HAL_Driver/Src/stm32f1xx_hal.o
                0x00000000080007dc                HAL_Init
 .text.HAL_InitTick
                0x0000000008000808       0x60 Drivers/STM32F1xx_HAL_Driver/Src/stm32f1xx_hal.o
                0x0000000008000808                HAL_InitTick
 .text.HAL_IncTick
                0x0000000008000868       0x24 Drivers/STM32F1xx_HAL_Driver/Src/stm32f1xx_hal.o
                0x0000000008000868                HAL_IncTick
 .text.HAL_GetTick
                0x000000000800088c       0x14 Drivers/STM32F1xx_HAL_Driver/Src/stm32f1xx_hal.o
                0x000000000800088c                HAL_GetTick
 .text.__NVIC_SetPriorityGrouping
                0x00000000080008a0       0x48 Drivers/STM32F1xx_HAL_Driver/Src/stm32f1xx_hal_cortex.o
 .text.__NVIC_GetPriorityGrouping
                0x00000000080008e8       0x1c Drivers/STM32F1xx_HAL_Driver/Src/stm32f1xx_hal_cortex.o
 .text.__NVIC_SetPriority
                0x0000000008000904       0x54 Drivers/STM32F1xx_HAL_Driver/Src/stm32f1xx_hal_cortex.o
 .text.NVIC_EncodePriority
                0x0000000008000958       0x64 Drivers/STM32F1xx_HAL_Driver/Src/stm32f1xx_hal_cortex.o
 .text.SysTick_Config
                0x00000000080009bc       0x44 Drivers/STM32F1xx_HAL_Driver/Src/stm32f1xx_hal_cortex.o
 .text.HAL_NVIC_SetPriorityGrouping
                0x0000000008000a00       0x16 Drivers/STM32F1xx_HAL_Driver/Src/stm32f1xx_hal_cortex.o
                0x0000000008000a00                HAL_NVIC_SetPriorityGrouping
 .text.HAL_NVIC_SetPriority
                0x0000000008000a16       0x38 Drivers/STM32F1xx_HAL_Driver/Src/stm32f1xx_hal_cortex.o
                0x0000000008000a16                HAL_NVIC_SetPriority
 .text.HAL_SYSTICK_Config
                0x0000000008000a4e       0x18 Drivers/STM32F1xx_HAL_Driver/Src/stm32f1xx_hal_cortex.o
                0x0000000008000a4e                HAL_SYSTICK_Config
 *fill*         0x0000000008000a66        0x2 
 .text.HAL_GPIO_Init
                0x0000000008000a68      0x2b4 Drivers/STM32F1xx_HAL_Driver/Src/stm32f1xx_hal_gpio.o
                0x0000000008000a68                HAL_GPIO_Init
 .text.HAL_I2C_Init
                0x0000000008000d1c      0x270 Drivers/STM32F1xx_HAL_Driver/Src/stm32f1xx_hal_i2c.o
                0x0000000008000d1c                HAL_I2C_Init
 .text.HAL_I2C_Master_Transmit
                0x0000000008000f8c      0x1fc Drivers/STM32F1xx_HAL_Driver/Src/stm32f1xx_hal_i2c.o
                0x0000000008000f8c                HAL_I2C_Master_Transmit
 .text.HAL_I2C_Master_Receive
                0x0000000008001188      0x4b4 Drivers/STM32F1xx_HAL_Driver/Src/stm32f1xx_hal_i2c.o
                0x0000000008001188                HAL_I2C_Master_Receive
 .text.I2C_MasterRequestWrite
                0x000000000800163c      0x104 Drivers/STM32F1xx_HAL_Driver/Src/stm32f1xx_hal_i2c.o
 .text.I2C_MasterRequestRead
                0x0000000008001740      0x19c Drivers/STM32F1xx_HAL_Driver/Src/stm32f1xx_hal_i2c.o
 .text.I2C_WaitOnFlagUntilTimeout
                0x00000000080018dc       0xae Drivers/STM32F1xx_HAL_Driver/Src/stm32f1xx_hal_i2c.o
 .text.I2C_WaitOnMasterAddressFlagUntilTimeout
                0x000000000800198a       0xfe Drivers/STM32F1xx_HAL_Driver/Src/stm32f1xx_hal_i2c.o
 .text.I2C_WaitOnTXEFlagUntilTimeout
                0x0000000008001a88       0x82 Drivers/STM32F1xx_HAL_Driver/Src/stm32f1xx_hal_i2c.o
 .text.I2C_WaitOnBTFFlagUntilTimeout
                0x0000000008001b0a       0x82 Drivers/STM32F1xx_HAL_Driver/Src/stm32f1xx_hal_i2c.o
 .text.I2C_WaitOnRXNEFlagUntilTimeout
                0x0000000008001b8c       0xac Drivers/STM32F1xx_HAL_Driver/Src/stm32f1xx_hal_i2c.o
 .text.I2C_IsAcknowledgeFailed
                0x0000000008001c38       0x5c Drivers/STM32F1xx_HAL_Driver/Src/stm32f1xx_hal_i2c.o
 .text.HAL_RCC_OscConfig
                0x0000000008001c94      0x500 Drivers/STM32F1xx_HAL_Driver/Src/stm32f1xx_hal_rcc.o
                0x0000000008001c94                HAL_RCC_OscConfig
 .text.HAL_RCC_ClockConfig
                0x0000000008002194      0x1d4 Drivers/STM32F1xx_HAL_Driver/Src/stm32f1xx_hal_rcc.o
                0x0000000008002194                HAL_RCC_ClockConfig
 .text.HAL_RCC_GetSysClockFreq
                0x0000000008002368       0xc4 Drivers/STM32F1xx_HAL_Driver/Src/stm32f1xx_hal_rcc.o
                0x0000000008002368                HAL_RCC_GetSysClockFreq
 .text.HAL_RCC_GetHCLKFreq
                0x000000000800242c       0x14 Drivers/STM32F1xx_HAL_Driver/Src/stm32f1xx_hal_rcc.o
                0x000000000800242c                HAL_RCC_GetHCLKFreq
 .text.HAL_RCC_GetPCLK1Freq
                0x0000000008002440       0x28 Drivers/STM32F1xx_HAL_Driver/Src/stm32f1xx_hal_rcc.o
                0x0000000008002440                HAL_RCC_GetPCLK1Freq
 .text.RCC_Delay
                0x0000000008002468       0x3c Drivers/STM32F1xx_HAL_Driver/Src/stm32f1xx_hal_rcc.o
 .text.__libc_init_array
                0x00000000080024a4       0x48 c:/st/stm32cubeide_1.1.0/stm32cubeide/plugins/com.st.stm32cube.ide.mcu.externaltools.gnu-tools-for-stm32.7-2018-q2-update.win32_1.0.0.201904181610/tools/bin/../lib/gcc/arm-none-eabi/7.3.1/../../../../arm-none-eabi/lib/thumb/v7-m\libc_nano.a(lib_a-init.o)
                0x00000000080024a4                __libc_init_array
 .text.memset   0x00000000080024ec       0x10 c:/st/stm32cubeide_1.1.0/stm32cubeide/plugins/com.st.stm32cube.ide.mcu.externaltools.gnu-tools-for-stm32.7-2018-q2-update.win32_1.0.0.201904181610/tools/bin/../lib/gcc/arm-none-eabi/7.3.1/../../../../arm-none-eabi/lib/thumb/v7-m\libc_nano.a(lib_a-memset.o)
                0x00000000080024ec                memset
 *(.glue_7)
 .glue_7        0x00000000080024fc        0x0 linker stubs
 *(.glue_7t)
 .glue_7t       0x00000000080024fc        0x0 linker stubs
 *(.eh_frame)
 .eh_frame      0x00000000080024fc        0x0 c:/st/stm32cubeide_1.1.0/stm32cubeide/plugins/com.st.stm32cube.ide.mcu.externaltools.gnu-tools-for-stm32.7-2018-q2-update.win32_1.0.0.201904181610/tools/bin/../lib/gcc/arm-none-eabi/7.3.1/thumb/v7-m/crtbegin.o
 *(.init)
 .init          0x00000000080024fc        0x4 c:/st/stm32cubeide_1.1.0/stm32cubeide/plugins/com.st.stm32cube.ide.mcu.externaltools.gnu-tools-for-stm32.7-2018-q2-update.win32_1.0.0.201904181610/tools/bin/../lib/gcc/arm-none-eabi/7.3.1/thumb/v7-m/crti.o
                0x00000000080024fc                _init
 .init          0x0000000008002500        0x8 c:/st/stm32cubeide_1.1.0/stm32cubeide/plugins/com.st.stm32cube.ide.mcu.externaltools.gnu-tools-for-stm32.7-2018-q2-update.win32_1.0.0.201904181610/tools/bin/../lib/gcc/arm-none-eabi/7.3.1/thumb/v7-m/crtn.o
 *(.fini)
 .fini          0x0000000008002508        0x4 c:/st/stm32cubeide_1.1.0/stm32cubeide/plugins/com.st.stm32cube.ide.mcu.externaltools.gnu-tools-for-stm32.7-2018-q2-update.win32_1.0.0.201904181610/tools/bin/../lib/gcc/arm-none-eabi/7.3.1/thumb/v7-m/crti.o
                0x0000000008002508                _fini
 .fini          0x000000000800250c        0x8 c:/st/stm32cubeide_1.1.0/stm32cubeide/plugins/com.st.stm32cube.ide.mcu.externaltools.gnu-tools-for-stm32.7-2018-q2-update.win32_1.0.0.201904181610/tools/bin/../lib/gcc/arm-none-eabi/7.3.1/thumb/v7-m/crtn.o
                0x0000000008002514                . = ALIGN (0x4)
                0x0000000008002514                _etext = .

.vfp11_veneer   0x0000000008002514        0x0
 .vfp11_veneer  0x0000000008002514        0x0 linker stubs

.v4_bx          0x0000000008002514        0x0
 .v4_bx         0x0000000008002514        0x0 linker stubs

.iplt           0x0000000008002514        0x0
 .iplt          0x0000000008002514        0x0 c:/st/stm32cubeide_1.1.0/stm32cubeide/plugins/com.st.stm32cube.ide.mcu.externaltools.gnu-tools-for-stm32.7-2018-q2-update.win32_1.0.0.201904181610/tools/bin/../lib/gcc/arm-none-eabi/7.3.1/thumb/v7-m/crtbegin.o

.rodata         0x0000000008002514       0x2c
                0x0000000008002514                . = ALIGN (0x4)
 *(.rodata)
 .rodata        0x0000000008002514       0x12 Drivers/STM32F1xx_HAL_Driver/Src/stm32f1xx_hal_rcc.o
 *(.rodata*)
 *fill*         0x0000000008002526        0x2 
 .rodata.AHBPrescTable
                0x0000000008002528       0x10 Core/Src/system_stm32f1xx.o
                0x0000000008002528                AHBPrescTable
 .rodata.APBPrescTable
                0x0000000008002538        0x8 Core/Src/system_stm32f1xx.o
                0x0000000008002538                APBPrescTable
                0x0000000008002540                . = ALIGN (0x4)

.rel.dyn        0x0000000008002540        0x0
 .rel.iplt      0x0000000008002540        0x0 c:/st/stm32cubeide_1.1.0/stm32cubeide/plugins/com.st.stm32cube.ide.mcu.externaltools.gnu-tools-for-stm32.7-2018-q2-update.win32_1.0.0.201904181610/tools/bin/../lib/gcc/arm-none-eabi/7.3.1/thumb/v7-m/crtbegin.o

.ARM.extab      0x0000000008002540        0x0
                0x0000000008002540                . = ALIGN (0x4)
 *(.ARM.extab* .gnu.linkonce.armextab.*)
                0x0000000008002540                . = ALIGN (0x4)

.ARM            0x0000000008002540        0x0
                0x0000000008002540                . = ALIGN (0x4)
                0x0000000008002540                __exidx_start = .
 *(.ARM.exidx*)
                0x0000000008002540                __exidx_end = .
                0x0000000008002540                . = ALIGN (0x4)

.preinit_array  0x0000000008002540        0x0
                0x0000000008002540                . = ALIGN (0x4)
                0x0000000008002540                PROVIDE (__preinit_array_start = .)
 *(.preinit_array*)
                0x0000000008002540                PROVIDE (__preinit_array_end = .)
                0x0000000008002540                . = ALIGN (0x4)

.init_array     0x0000000008002540        0x4
                0x0000000008002540                . = ALIGN (0x4)
                0x0000000008002540                PROVIDE (__init_array_start = .)
 *(SORT_BY_NAME(.init_array.*))
 *(.init_array*)
 .init_array    0x0000000008002540        0x4 c:/st/stm32cubeide_1.1.0/stm32cubeide/plugins/com.st.stm32cube.ide.mcu.externaltools.gnu-tools-for-stm32.7-2018-q2-update.win32_1.0.0.201904181610/tools/bin/../lib/gcc/arm-none-eabi/7.3.1/thumb/v7-m/crtbegin.o
                0x0000000008002544                PROVIDE (__init_array_end = .)
                0x0000000008002544                . = ALIGN (0x4)

.fini_array     0x0000000008002544        0x4
                0x0000000008002544                . = ALIGN (0x4)
                [!provide]                        PROVIDE (__fini_array_start = .)
 *(SORT_BY_NAME(.fini_array.*))
 *(.fini_array*)
 .fini_array    0x0000000008002544        0x4 c:/st/stm32cubeide_1.1.0/stm32cubeide/plugins/com.st.stm32cube.ide.mcu.externaltools.gnu-tools-for-stm32.7-2018-q2-update.win32_1.0.0.201904181610/tools/bin/../lib/gcc/arm-none-eabi/7.3.1/thumb/v7-m/crtbegin.o
                [!provide]                        PROVIDE (__fini_array_end = .)
                0x0000000008002548                . = ALIGN (0x4)
                0x0000000008002548                _sidata = LOADADDR (.data)

.data           0x0000000020000000        0xc load address 0x0000000008002548
                0x0000000020000000                . = ALIGN (0x4)
                0x0000000020000000                _sdata = .
 *(.data)
 *(.data*)
 .data.SystemCoreClock
                0x0000000020000000        0x4 Core/Src/system_stm32f1xx.o
                0x0000000020000000                SystemCoreClock
 .data.uwTickPrio
                0x0000000020000004        0x4 Drivers/STM32F1xx_HAL_Driver/Src/stm32f1xx_hal.o
                0x0000000020000004                uwTickPrio
 .data.uwTickFreq
                0x0000000020000008        0x1 Drivers/STM32F1xx_HAL_Driver/Src/stm32f1xx_hal.o
                0x0000000020000008                uwTickFreq
                0x000000002000000c                . = ALIGN (0x4)
 *fill*         0x0000000020000009        0x3 
                0x000000002000000c                _edata = .

.igot.plt       0x000000002000000c        0x0 load address 0x0000000008002554
 .igot.plt      0x000000002000000c        0x0 c:/st/stm32cubeide_1.1.0/stm32cubeide/plugins/com.st.stm32cube.ide.mcu.externaltools.gnu-tools-for-stm32.7-2018-q2-update.win32_1.0.0.201904181610/tools/bin/../lib/gcc/arm-none-eabi/7.3.1/thumb/v7-m/crtbegin.o
                0x000000002000000c                . = ALIGN (0x4)

.bss            0x000000002000000c       0x74 load address 0x0000000008002554
                0x000000002000000c                _sbss = .
                0x000000002000000c                __bss_start__ = _sbss
 *(.bss)
 .bss           0x000000002000000c       0x1c c:/st/stm32cubeide_1.1.0/stm32cubeide/plugins/com.st.stm32cube.ide.mcu.externaltools.gnu-tools-for-stm32.7-2018-q2-update.win32_1.0.0.201904181610/tools/bin/../lib/gcc/arm-none-eabi/7.3.1/thumb/v7-m/crtbegin.o
 *(.bss*)
 *(COMMON)
 COMMON         0x0000000020000028       0x54 Core/Src/main.o
                0x0000000020000028                hi2c1
 COMMON         0x000000002000007c        0x4 Drivers/STM32F1xx_HAL_Driver/Src/stm32f1xx_hal.o
                0x000000002000007c                uwTick
                0x0000000020000080                . = ALIGN (0x4)
                0x0000000020000080                _ebss = .
                0x0000000020000080                __bss_end__ = _ebss

._user_heap_stack
                0x0000000020000080      0x600 load address 0x0000000008002554
                0x0000000020000080                . = ALIGN (0x8)
                0x0000000020000080                PROVIDE (end = .)
                [!provide]                        PROVIDE (_end = .)
                0x0000000020000280                . = (. + _Min_Heap_Size)
 *fill*         0x0000000020000080      0x200 
                0x0000000020000680                . = (. + _Min_Stack_Size)
 *fill*         0x0000000020000280      0x400 
                0x0000000020000680                . = ALIGN (0x8)

/DISCARD/
 libc.a(*)
 libm.a(*)
 libgcc.a(*)

.ARM.attributes
                0x0000000000000000       0x29
 *(.ARM.attributes)
 .ARM.attributes
                0x0000000000000000       0x1d c:/st/stm32cubeide_1.1.0/stm32cubeide/plugins/com.st.stm32cube.ide.mcu.externaltools.gnu-tools-for-stm32.7-2018-q2-update.win32_1.0.0.201904181610/tools/bin/../lib/gcc/arm-none-eabi/7.3.1/thumb/v7-m/crti.o
 .ARM.attributes
                0x000000000000001d       0x2d c:/st/stm32cubeide_1.1.0/stm32cubeide/plugins/com.st.stm32cube.ide.mcu.externaltools.gnu-tools-for-stm32.7-2018-q2-update.win32_1.0.0.201904181610/tools/bin/../lib/gcc/arm-none-eabi/7.3.1/thumb/v7-m/crtbegin.o
 .ARM.attributes
                0x000000000000004a       0x33 Core/Src/main.o
 .ARM.attributes
                0x000000000000007d       0x33 Core/Src/mpu6050.o
 .ARM.attributes
                0x00000000000000b0       0x33 Core/Src/stm32f1xx_hal_msp.o
 .ARM.attributes
                0x00000000000000e3       0x33 Core/Src/stm32f1xx_it.o
 .ARM.attributes
                0x0000000000000116       0x33 Core/Src/system_stm32f1xx.o
 .ARM.attributes
                0x0000000000000149       0x21 Core/Startup/startup_stm32f103c8tx.o
 .ARM.attributes
                0x000000000000016a       0x33 Drivers/STM32F1xx_HAL_Driver/Src/stm32f1xx_hal.o
 .ARM.attributes
                0x000000000000019d       0x33 Drivers/STM32F1xx_HAL_Driver/Src/stm32f1xx_hal_cortex.o
 .ARM.attributes
                0x00000000000001d0       0x33 Drivers/STM32F1xx_HAL_Driver/Src/stm32f1xx_hal_gpio.o
 .ARM.attributes
                0x0000000000000203       0x33 Drivers/STM32F1xx_HAL_Driver/Src/stm32f1xx_hal_i2c.o
 .ARM.attributes
                0x0000000000000236       0x33 Drivers/STM32F1xx_HAL_Driver/Src/stm32f1xx_hal_rcc.o
 .ARM.attributes
                0x0000000000000269       0x2d c:/st/stm32cubeide_1.1.0/stm32cubeide/plugins/com.st.stm32cube.ide.mcu.externaltools.gnu-tools-for-stm32.7-2018-q2-update.win32_1.0.0.201904181610/tools/bin/../lib/gcc/arm-none-eabi/7.3.1/../../../../arm-none-eabi/lib/thumb/v7-m\libc_nano.a(lib_a-init.o)
 .ARM.attributes
                0x0000000000000296       0x2d c:/st/stm32cubeide_1.1.0/stm32cubeide/plugins/com.st.stm32cube.ide.mcu.externaltools.gnu-tools-for-stm32.7-2018-q2-update.win32_1.0.0.201904181610/tools/bin/../lib/gcc/arm-none-eabi/7.3.1/../../../../arm-none-eabi/lib/thumb/v7-m\libc_nano.a(lib_a-memset.o)
 .ARM.attributes
                0x00000000000002c3       0x1d c:/st/stm32cubeide_1.1.0/stm32cubeide/plugins/com.st.stm32cube.ide.mcu.externaltools.gnu-tools-for-stm32.7-2018-q2-update.win32_1.0.0.201904181610/tools/bin/../lib/gcc/arm-none-eabi/7.3.1/thumb/v7-m\libgcc.a(_arm_addsubsf3.o)
 .ARM.attributes
                0x00000000000002e0       0x1d c:/st/stm32cubeide_1.1.0/stm32cubeide/plugins/com.st.stm32cube.ide.mcu.externaltools.gnu-tools-for-stm32.7-2018-q2-update.win32_1.0.0.201904181610/tools/bin/../lib/gcc/arm-none-eabi/7.3.1/thumb/v7-m/crtn.o
OUTPUT(mpu6050.elf elf32-littlearm)

.debug_info     0x0000000000000000     0x6ba9
 .debug_info    0x0000000000000000      0x897 Core/Src/main.o
 .debug_info    0x0000000000000897      0xf27 Core/Src/mpu6050.o
 .debug_info    0x00000000000017be      0x8c1 Core/Src/stm32f1xx_hal_msp.o
 .debug_info    0x000000000000207f      0x20a Core/Src/stm32f1xx_it.o
 .debug_info    0x0000000000002289      0x29a Core/Src/system_stm32f1xx.o
 .debug_info    0x0000000000002523       0x22 Core/Startup/startup_stm32f103c8tx.o
 .debug_info    0x0000000000002545      0x714 Drivers/STM32F1xx_HAL_Driver/Src/stm32f1xx_hal.o
 .debug_info    0x0000000000002c59      0xb51 Drivers/STM32F1xx_HAL_Driver/Src/stm32f1xx_hal_cortex.o
 .debug_info    0x00000000000037aa      0x69b Drivers/STM32F1xx_HAL_Driver/Src/stm32f1xx_hal_gpio.o
 .debug_info    0x0000000000003e45     0x2555 Drivers/STM32F1xx_HAL_Driver/Src/stm32f1xx_hal_i2c.o
 .debug_info    0x000000000000639a      0x80f Drivers/STM32F1xx_HAL_Driver/Src/stm32f1xx_hal_rcc.o

.debug_abbrev   0x0000000000000000     0x1216
 .debug_abbrev  0x0000000000000000      0x1c7 Core/Src/main.o
 .debug_abbrev  0x00000000000001c7      0x1c0 Core/Src/mpu6050.o
 .debug_abbrev  0x0000000000000387      0x18c Core/Src/stm32f1xx_hal_msp.o
 .debug_abbrev  0x0000000000000513       0xc6 Core/Src/stm32f1xx_it.o
 .debug_abbrev  0x00000000000005d9      0x134 Core/Src/system_stm32f1xx.o
 .debug_abbrev  0x000000000000070d       0x12 Core/Startup/startup_stm32f103c8tx.o
 .debug_abbrev  0x000000000000071f      0x1c7 Drivers/STM32F1xx_HAL_Driver/Src/stm32f1xx_hal.o
 .debug_abbrev  0x00000000000008e6      0x2d5 Drivers/STM32F1xx_HAL_Driver/Src/stm32f1xx_hal_cortex.o
 .debug_abbrev  0x0000000000000bbb      0x1c0 Drivers/STM32F1xx_HAL_Driver/Src/stm32f1xx_hal_gpio.o
 .debug_abbrev  0x0000000000000d7b      0x258 Drivers/STM32F1xx_HAL_Driver/Src/stm32f1xx_hal_i2c.o
 .debug_abbrev  0x0000000000000fd3      0x243 Drivers/STM32F1xx_HAL_Driver/Src/stm32f1xx_hal_rcc.o

.debug_aranges  0x0000000000000000      0x6a8
 .debug_aranges
                0x0000000000000000       0x40 Core/Src/main.o
 .debug_aranges
                0x0000000000000040       0x20 Core/Src/mpu6050.o
 .debug_aranges
                0x0000000000000060       0x30 Core/Src/stm32f1xx_hal_msp.o
 .debug_aranges
                0x0000000000000090       0x60 Core/Src/stm32f1xx_it.o
 .debug_aranges
                0x00000000000000f0       0x28 Core/Src/system_stm32f1xx.o
 .debug_aranges
                0x0000000000000118       0x28 Core/Startup/startup_stm32f103c8tx.o
 .debug_aranges
                0x0000000000000140       0xe0 Drivers/STM32F1xx_HAL_Driver/Src/stm32f1xx_hal.o
 .debug_aranges
                0x0000000000000220      0x100 Drivers/STM32F1xx_HAL_Driver/Src/stm32f1xx_hal_cortex.o
 .debug_aranges
                0x0000000000000320       0x58 Drivers/STM32F1xx_HAL_Driver/Src/stm32f1xx_hal_gpio.o
 .debug_aranges
                0x0000000000000378      0x2a0 Drivers/STM32F1xx_HAL_Driver/Src/stm32f1xx_hal_i2c.o
 .debug_aranges
                0x0000000000000618       0x90 Drivers/STM32F1xx_HAL_Driver/Src/stm32f1xx_hal_rcc.o

.debug_ranges   0x0000000000000000      0x628
 .debug_ranges  0x0000000000000000       0x30 Core/Src/main.o
 .debug_ranges  0x0000000000000030       0x10 Core/Src/mpu6050.o
 .debug_ranges  0x0000000000000040       0x20 Core/Src/stm32f1xx_hal_msp.o
 .debug_ranges  0x0000000000000060       0x50 Core/Src/stm32f1xx_it.o
 .debug_ranges  0x00000000000000b0       0x18 Core/Src/system_stm32f1xx.o
 .debug_ranges  0x00000000000000c8       0x20 Core/Startup/startup_stm32f103c8tx.o
 .debug_ranges  0x00000000000000e8       0xd0 Drivers/STM32F1xx_HAL_Driver/Src/stm32f1xx_hal.o
 .debug_ranges  0x00000000000001b8       0xf0 Drivers/STM32F1xx_HAL_Driver/Src/stm32f1xx_hal_cortex.o
 .debug_ranges  0x00000000000002a8       0x48 Drivers/STM32F1xx_HAL_Driver/Src/stm32f1xx_hal_gpio.o
 .debug_ranges  0x00000000000002f0      0x2b8 Drivers/STM32F1xx_HAL_Driver/Src/stm32f1xx_hal_i2c.o
 .debug_ranges  0x00000000000005a8       0x80 Drivers/STM32F1xx_HAL_Driver/Src/stm32f1xx_hal_rcc.o

.debug_macro    0x0000000000000000    0x16de2
 .debug_macro   0x0000000000000000      0x1a6 Core/Src/main.o
 .debug_macro   0x00000000000001a6      0xa5a Core/Src/main.o
 .debug_macro   0x0000000000000c00      0x215 Core/Src/main.o
 .debug_macro   0x0000000000000e15       0x2e Core/Src/main.o
 .debug_macro   0x0000000000000e43       0x22 Core/Src/main.o
 .debug_macro   0x0000000000000e65       0x22 Core/Src/main.o
 .debug_macro   0x0000000000000e87       0x8e Core/Src/main.o
 .debug_macro   0x0000000000000f15       0x51 Core/Src/main.o
 .debug_macro   0x0000000000000f66       0xef Core/Src/main.o
 .debug_macro   0x0000000000001055       0x6a Core/Src/main.o
 .debug_macro   0x00000000000010bf      0x1df Core/Src/main.o
 .debug_macro   0x000000000000129e       0x1c Core/Src/main.o
 .debug_macro   0x00000000000012ba       0x22 Core/Src/main.o
 .debug_macro   0x00000000000012dc       0xc3 Core/Src/main.o
 .debug_macro   0x000000000000139f      0xd23 Core/Src/main.o
 .debug_macro   0x00000000000020c2     0xe097 Core/Src/main.o
 .debug_macro   0x0000000000010159       0x43 Core/Src/main.o
 .debug_macro   0x000000000001019c     0x3468 Core/Src/main.o
 .debug_macro   0x0000000000013604      0x174 Core/Src/main.o
 .debug_macro   0x0000000000013778       0x5c Core/Src/main.o
 .debug_macro   0x00000000000137d4      0x5be Core/Src/main.o
 .debug_macro   0x0000000000013d92      0x289 Core/Src/main.o
 .debug_macro   0x000000000001401b      0x1cb Core/Src/main.o
 .debug_macro   0x00000000000141e6      0x114 Core/Src/main.o
 .debug_macro   0x00000000000142fa      0x1b2 Core/Src/main.o
 .debug_macro   0x00000000000144ac       0x27 Core/Src/main.o
 .debug_macro   0x00000000000144d3      0x136 Core/Src/main.o
 .debug_macro   0x0000000000014609      0x1bc Core/Src/main.o
 .debug_macro   0x00000000000147c5       0x34 Core/Src/main.o
 .debug_macro   0x00000000000147f9       0x3c Core/Src/main.o
 .debug_macro   0x0000000000014835       0x57 Core/Src/main.o
 .debug_macro   0x000000000001488c       0x88 Core/Src/main.o
 .debug_macro   0x0000000000014914      0x241 Core/Src/main.o
 .debug_macro   0x0000000000014b55      0x287 Core/Src/main.o
 .debug_macro   0x0000000000014ddc      0x141 Core/Src/main.o
 .debug_macro   0x0000000000014f1d       0x83 Core/Src/main.o
 .debug_macro   0x0000000000014fa0      0x30c Core/Src/mpu6050.o
 .debug_macro   0x00000000000152ac       0x40 Core/Src/mpu6050.o
 .debug_macro   0x00000000000152ec       0x18 Core/Src/mpu6050.o
 .debug_macro   0x0000000000015304       0x94 Core/Src/mpu6050.o
 .debug_macro   0x0000000000015398       0x3c Core/Src/mpu6050.o
 .debug_macro   0x00000000000153d4       0x34 Core/Src/mpu6050.o
 .debug_macro   0x0000000000015408       0x16 Core/Src/mpu6050.o
 .debug_macro   0x000000000001541e       0x57 Core/Src/mpu6050.o
 .debug_macro   0x0000000000015475       0x97 Core/Src/mpu6050.o
 .debug_macro   0x000000000001550c      0x330 Core/Src/mpu6050.o
 .debug_macro   0x000000000001583c       0xfd Core/Src/mpu6050.o
 .debug_macro   0x0000000000015939       0x10 Core/Src/mpu6050.o
 .debug_macro   0x0000000000015949       0x52 Core/Src/mpu6050.o
 .debug_macro   0x000000000001599b       0x1f Core/Src/mpu6050.o
 .debug_macro   0x00000000000159ba       0x43 Core/Src/mpu6050.o
 .debug_macro   0x00000000000159fd       0x20 Core/Src/mpu6050.o
 .debug_macro   0x0000000000015a1d      0x1a3 Core/Src/mpu6050.o
 .debug_macro   0x0000000000015bc0       0x10 Core/Src/mpu6050.o
 .debug_macro   0x0000000000015bd0       0x1c Core/Src/mpu6050.o
 .debug_macro   0x0000000000015bec       0x52 Core/Src/mpu6050.o
 .debug_macro   0x0000000000015c3e       0x40 Core/Src/mpu6050.o
 .debug_macro   0x0000000000015c7e       0x10 Core/Src/mpu6050.o
 .debug_macro   0x0000000000015c8e       0x40 Core/Src/mpu6050.o
 .debug_macro   0x0000000000015cce       0xd7 Core/Src/mpu6050.o
 .debug_macro   0x0000000000015da5       0x1c Core/Src/mpu6050.o
 .debug_macro   0x0000000000015dc1       0x3d Core/Src/mpu6050.o
 .debug_macro   0x0000000000015dfe       0x16 Core/Src/mpu6050.o
 .debug_macro   0x0000000000015e14      0x145 Core/Src/mpu6050.o
 .debug_macro   0x0000000000015f59       0xbd Core/Src/mpu6050.o
 .debug_macro   0x0000000000016016       0x56 Core/Src/mpu6050.o
 .debug_macro   0x000000000001606c      0x198 Core/Src/stm32f1xx_hal_msp.o
 .debug_macro   0x0000000000016204      0x1a2 Core/Src/stm32f1xx_it.o
 .debug_macro   0x00000000000163a6      0x18e Core/Src/system_stm32f1xx.o
 .debug_macro   0x0000000000016534      0x1b2 Drivers/STM32F1xx_HAL_Driver/Src/stm32f1xx_hal.o
 .debug_macro   0x00000000000166e6      0x18e Drivers/STM32F1xx_HAL_Driver/Src/stm32f1xx_hal_cortex.o
 .debug_macro   0x0000000000016874      0x1f9 Drivers/STM32F1xx_HAL_Driver/Src/stm32f1xx_hal_gpio.o
 .debug_macro   0x0000000000016a6d      0x1d5 Drivers/STM32F1xx_HAL_Driver/Src/stm32f1xx_hal_i2c.o
 .debug_macro   0x0000000000016c42      0x1a0 Drivers/STM32F1xx_HAL_Driver/Src/stm32f1xx_hal_rcc.o

.debug_line     0x0000000000000000     0x612d
 .debug_line    0x0000000000000000      0x6b1 Core/Src/main.o
 .debug_line    0x00000000000006b1      0x856 Core/Src/mpu6050.o
 .debug_line    0x0000000000000f07      0x673 Core/Src/stm32f1xx_hal_msp.o
 .debug_line    0x000000000000157a      0x6e9 Core/Src/stm32f1xx_it.o
 .debug_line    0x0000000000001c63      0x66d Core/Src/system_stm32f1xx.o
 .debug_line    0x00000000000022d0       0x84 Core/Startup/startup_stm32f103c8tx.o
 .debug_line    0x0000000000002354      0x820 Drivers/STM32F1xx_HAL_Driver/Src/stm32f1xx_hal.o
 .debug_line    0x0000000000002b74      0x8f7 Drivers/STM32F1xx_HAL_Driver/Src/stm32f1xx_hal_cortex.o
 .debug_line    0x000000000000346b      0x81c Drivers/STM32F1xx_HAL_Driver/Src/stm32f1xx_hal_gpio.o
 .debug_line    0x0000000000003c87     0x1bc6 Drivers/STM32F1xx_HAL_Driver/Src/stm32f1xx_hal_i2c.o
 .debug_line    0x000000000000584d      0x8e0 Drivers/STM32F1xx_HAL_Driver/Src/stm32f1xx_hal_rcc.o

.debug_str      0x0000000000000000    0x81ee6
 .debug_str     0x0000000000000000    0x7c25d Core/Src/main.o
                                      0x7c617 (size before relaxing)
 .debug_str     0x000000000007c25d     0x4140 Core/Src/mpu6050.o
                                      0x805f9 (size before relaxing)
 .debug_str     0x000000000008039d       0xbe Core/Src/stm32f1xx_hal_msp.o
                                      0x7c53e (size before relaxing)
 .debug_str     0x000000000008045b       0xbd Core/Src/stm32f1xx_it.o
                                      0x7c087 (size before relaxing)
 .debug_str     0x0000000000080518       0x52 Core/Src/system_stm32f1xx.o
                                      0x7c057 (size before relaxing)
 .debug_str     0x000000000008056a       0x36 Core/Startup/startup_stm32f103c8tx.o
                                         0x4b (size before relaxing)
 .debug_str     0x00000000000805a0      0x568 Drivers/STM32F1xx_HAL_Driver/Src/stm32f1xx_hal.o
                                      0x7c6e8 (size before relaxing)
 .debug_str     0x0000000000080b08      0x300 Drivers/STM32F1xx_HAL_Driver/Src/stm32f1xx_hal_cortex.o
                                      0x7c6f0 (size before relaxing)
 .debug_str     0x0000000000080e08      0x340 Drivers/STM32F1xx_HAL_Driver/Src/stm32f1xx_hal_gpio.o
                                      0x7c41b (size before relaxing)
 .debug_str     0x0000000000081148      0xb5a Drivers/STM32F1xx_HAL_Driver/Src/stm32f1xx_hal_i2c.o
                                      0x7d093 (size before relaxing)
 .debug_str     0x0000000000081ca2      0x244 Drivers/STM32F1xx_HAL_Driver/Src/stm32f1xx_hal_rcc.o
                                      0x7c454 (size before relaxing)

.comment        0x0000000000000000       0x7b
 .comment       0x0000000000000000       0x7b Core/Src/main.o
                                         0x7c (size before relaxing)
 .comment       0x000000000000007b       0x7c Core/Src/mpu6050.o
 .comment       0x000000000000007b       0x7c Core/Src/stm32f1xx_hal_msp.o
 .comment       0x000000000000007b       0x7c Core/Src/stm32f1xx_it.o
 .comment       0x000000000000007b       0x7c Core/Src/system_stm32f1xx.o
 .comment       0x000000000000007b       0x7c Drivers/STM32F1xx_HAL_Driver/Src/stm32f1xx_hal.o
 .comment       0x000000000000007b       0x7c Drivers/STM32F1xx_HAL_Driver/Src/stm32f1xx_hal_cortex.o
 .comment       0x000000000000007b       0x7c Drivers/STM32F1xx_HAL_Driver/Src/stm32f1xx_hal_gpio.o
 .comment       0x000000000000007b       0x7c Drivers/STM32F1xx_HAL_Driver/Src/stm32f1xx_hal_i2c.o
 .comment       0x000000000000007b       0x7c Drivers/STM32F1xx_HAL_Driver/Src/stm32f1xx_hal_rcc.o

.debug_frame    0x0000000000000000     0x1a80
 .debug_frame   0x0000000000000000       0xb4 Core/Src/main.o
 .debug_frame   0x00000000000000b4       0x38 Core/Src/mpu6050.o
 .debug_frame   0x00000000000000ec       0x80 Core/Src/stm32f1xx_hal_msp.o
 .debug_frame   0x000000000000016c      0x10c Core/Src/stm32f1xx_it.o
 .debug_frame   0x0000000000000278       0x58 Core/Src/system_stm32f1xx.o
 .debug_frame   0x00000000000002d0      0x334 Drivers/STM32F1xx_HAL_Driver/Src/stm32f1xx_hal.o
 .debug_frame   0x0000000000000604      0x428 Drivers/STM32F1xx_HAL_Driver/Src/stm32f1xx_hal_cortex.o
 .debug_frame   0x0000000000000a2c      0x14c Drivers/STM32F1xx_HAL_Driver/Src/stm32f1xx_hal_gpio.o
 .debug_frame   0x0000000000000b78      0xc54 Drivers/STM32F1xx_HAL_Driver/Src/stm32f1xx_hal_i2c.o
 .debug_frame   0x00000000000017cc      0x21c Drivers/STM32F1xx_HAL_Driver/Src/stm32f1xx_hal_rcc.o
 .debug_frame   0x00000000000019e8       0x2c c:/st/stm32cubeide_1.1.0/stm32cubeide/plugins/com.st.stm32cube.ide.mcu.externaltools.gnu-tools-for-stm32.7-2018-q2-update.win32_1.0.0.201904181610/tools/bin/../lib/gcc/arm-none-eabi/7.3.1/../../../../arm-none-eabi/lib/thumb/v7-m\libc_nano.a(lib_a-init.o)
 .debug_frame   0x0000000000001a14       0x20 c:/st/stm32cubeide_1.1.0/stm32cubeide/plugins/com.st.stm32cube.ide.mcu.externaltools.gnu-tools-for-stm32.7-2018-q2-update.win32_1.0.0.201904181610/tools/bin/../lib/gcc/arm-none-eabi/7.3.1/../../../../arm-none-eabi/lib/thumb/v7-m\libc_nano.a(lib_a-memset.o)
 .debug_frame   0x0000000000001a34       0x4c c:/st/stm32cubeide_1.1.0/stm32cubeide/plugins/com.st.stm32cube.ide.mcu.externaltools.gnu-tools-for-stm32.7-2018-q2-update.win32_1.0.0.201904181610/tools/bin/../lib/gcc/arm-none-eabi/7.3.1/thumb/v7-m\libgcc.a(_arm_addsubsf3.o)
